[themewagon.github.io/orthoc/index.html]
[themewagon.github.io/orthoc/images/favicon.png]
[backblue.gif]
[fade.gif]
[index.html]
[themewagon.github.io/orthoc/css/bootstrap.css]
[cdnjs.cloudflare.com/ajax/libs/OwlCarousel2/2.3.4/assets/owl.carousel.min.css]
[themewagon.github.io/orthoc/css/font-awesome.min.css]
[themewagon.github.io/orthoc/css/style.css]
[themewagon.github.io/orthoc/css/responsive.css]
[themewagon.github.io/orthoc/images/hero-bg.png]
[themewagon.github.io/orthoc/index-2.html]
[themewagon.github.io/orthoc/about.html]
[themewagon.github.io/orthoc/departments.html]
[themewagon.github.io/orthoc/doctors.html]
[themewagon.github.io/orthoc/contact.html]
[themewagon.github.io/orthoc/images/s1.png]
[themewagon.github.io/orthoc/images/s2.png]
[themewagon.github.io/orthoc/images/s3.png]
[themewagon.github.io/orthoc/images/s4.png]
[themewagon.github.io/orthoc/images/about-img.jpg]
[themewagon.github.io/orthoc/images/d1.jpg]
[themewagon.github.io/orthoc/images/d2.jpg]
[themewagon.github.io/orthoc/images/d3.jpg]
[themewagon.github.io/orthoc/images/client.jpg]
[themewagon.github.io/orthoc/js/jquery-3.4.1.min.js]
[cdn.jsdelivr.net/npm/popper.js@1.16.0/dist/umd/popper.min.js]
[themewagon.github.io/orthoc/js/bootstrap.js]
[cdnjs.cloudflare.com/ajax/libs/OwlCarousel2/2.3.4/owl.carousel.min.js]
[themewagon.github.io/orthoc/js/custom.js]
[themewagon.github.io/orthoc/index.html]
[themewagon.github.io/orthoc/css/bootstrap.css]
[cdnjs.cloudflare.com/ajax/libs/OwlCarousel2/2.3.4/assets/owl.video.play.png]
[cdnjs.cloudflare.com/ajax/libs/OwlCarousel2/2.3.4/assets/owl.carousel.min.css]
[themewagon.github.io/orthoc/fonts/fontawesome-webfont3e6e.eot]
[themewagon.github.io/orthoc/fonts/fontawesome-webfontd41d.eot]
[themewagon.github.io/orthoc/fonts/fontawesome-webfont3e6e.woff2]
[themewagon.github.io/orthoc/fonts/fontawesome-webfont3e6e.woff]
[themewagon.github.io/orthoc/fonts/fontawesome-webfont3e6e.ttf]
[themewagon.github.io/orthoc/fonts/fontawesome-webfont3e6e.svg]
[themewagon.github.io/orthoc/css/font-awesome.min.css]
[themewagon.github.io/orthoc/css/style.css]
[themewagon.github.io/orthoc/css/responsive.css]
[themewagon.github.io/orthoc/index-2.html]
[themewagon.github.io/orthoc/about.html]
[themewagon.github.io/orthoc/departments.html]
[themewagon.github.io/orthoc/doctors.html]
[themewagon.github.io/orthoc/contact.html]
[themewagon.github.io/orthoc/fonts/fontawesome-webfont3e6e.html]
[themewagon.github.io/orthoc/fonts/fontawesome-webfontd41d.html]
[themewagon.github.io/orthoc/fonts/fontawesome-webfont3e6e-2.html]
